verified local target: 1031x1250; bytes=122428
tile 29445,58302: rows=217 radius_unique=0
tile 29445,58303: rows=236 radius_unique=0
tile 29445,58304: rows=224 radius_unique=6
tile 29445,58305: rows=225 radius_unique=11
tile 29445,58306: rows=217 radius_unique=11
tile 29446,58302: rows=214 radius_unique=11
tile 29446,58303: rows=234 radius_unique=131
tile 29446,58304: rows=215 radius_unique=319
tile 29446,58305: rows=247 radius_unique=520
tile 29446,58306: rows=255 radius_unique=594
tile 29447,58302: rows=224 radius_unique=624
tile 29447,58303: rows=225 radius_unique=831
tile 29447,58304: rows=223 radius_unique=1040
tile 29447,58305: rows=116 radius_unique=1141
tile 29447,58306: rows=227 radius_unique=1306
tile 29448,58302: rows=197 radius_unique=1330
tile 29448,58303: rows=199 radius_unique=1515
tile 29448,58304: rows=250 radius_unique=1741
tile 29448,58305: rows=163 radius_unique=1879
tile 29448,58306: rows=133 radius_unique=1961
tile 29449,58302: rows=184 radius_unique=1961
tile 29449,58303: rows=170 radius_unique=2054
tile 29449,58304: rows=232 radius_unique=2268
tile 29449,58305: rows=293 radius_unique=2525
tile 29449,58306: rows=192 radius_unique=2590
tile 29450,58302: rows=176 radius_unique=2590
tile 29450,58303: rows=156 radius_unique=2590
tile 29450,58304: rows=240 radius_unique=2601
tile 29450,58305: rows=261 radius_unique=2609
tile 29450,58306: rows=206 radius_unique=2609
inventory: raw=2609 coarse=552
rapid: downloaded 50/552
rapid: downloaded 100/552
rapid: downloaded 150/552
rapid: downloaded 200/552
rapid: downloaded 250/552
rapid: downloaded 300/552
rapid: downloaded 350/552
rapid: downloaded 400/552
rapid: downloaded 450/552
rapid: downloaded 500/552
rapid: downloaded 550/552
rapid: scored 20/552 top=1206.73
rapid: scored 40/552 top=1206.73
rapid: scored 60/552 top=1206.73
rapid: scored 80/552 top=1206.73
rapid: scored 100/552 top=1266.80
rapid: scored 120/552 top=1266.80
rapid: scored 140/552 top=1266.80
rapid: scored 160/552 top=1266.80
rapid: scored 180/552 top=1266.80
rapid: scored 200/552 top=1444.28
rapid: scored 220/552 top=1444.28
rapid: scored 240/552 top=1494.85
rapid: scored 260/552 top=1494.85
rapid: scored 280/552 top=1494.85
rapid: scored 300/552 top=1494.85
rapid: scored 320/552 top=1614.71
rapid: scored 340/552 top=1614.71
rapid: scored 360/552 top=1614.71
rapid: scored 380/552 top=1794.55
rapid: scored 400/552 top=1794.55
rapid: scored 420/552 top=1794.55
rapid: scored 440/552 top=1794.55
rapid: scored 460/552 top=1794.55
rapid: scored 480/552 top=1794.55
rapid: scored 500/552 top=1794.55
rapid: scored 520/552 top=1794.55
rapid: scored 540/552 top=1794.55
RAPID TOP 30
{"pano_id": "wHigtlVuYffSGLlE6c-6ew", "lat": 19.47636893737609, "lon": -99.11667180715568, "date": "", "source": "", "parent_id": "", "is_historical": false, "best_score": 1794.5530726256984, "good_matches": 179, "inliers": 147, "inlier_ratio": 0.8212290502793296, "coverage": 0.6284245848655701, "yaw": 270, "pitch": -4, "target_crop": "left_houses", "pano_path": "/home/runner/work/sample_website/sample_website/.cache/gsv_estrella_fast/panoramas/rapid/z1_wHigtlVuYffSGLlE6c-6ew.jpg", "view_path": "/home/runner/work/sample_website/sample_website/.cache/gsv_estrella_fast/best_views/rapid/wHigtlVuYffSGLlE6c-6ew.jpg", "error": ""}
{"pano_id": "atqBHaSXSBb3ejzMhiuH8w", "lat": 19.47820063328556, "lon": -99.11646640752507, "date": "", "source": "", "parent_id": "", "is_historical": false, "best_score": 1614.7147651006712, "good_matches": 149, "inliers": 132, "inlier_ratio": 0.8859060402684564, "coverage": 0.7345600128173828, "yaw": 315, "pitch": -4, "target_crop": "left_houses", "pano_path": "/home/runner/work/sample_website/sample_website/.cache/gsv_estrella_fast/panoramas/rapid/z1_atqBHaSXSBb3ejzMhiuH8w.jpg", "view_path": "/home/runner/work/sample_website/sample_website/.cache/gsv_estrella_fast/best_views/rapid/atqBHaSXSBb3ejzMhiuH8w.jpg", "error": ""}
{"pano_id": "Eq4_b-BKN6TcjB_gzfFkKw", "lat": 19.47253529592198, "lon": -99.11933318578356, "date": "", "source": "", "parent_id": "", "is_historical": false, "best_score": 1494.8461538461538, "good_matches": 130, "inliers": 122, "inlier_ratio": 0.9384615384615385, "coverage": 0.8237304091453552, "yaw": 90, "pitch": -4, "target_crop": "left_houses", "pano_path": "/home/runner/work/sample_website/sample_website/.cache/gsv_estrella_fast/panoramas/rapid/z1_Eq4_b-BKN6TcjB_gzfFkKw.jpg", "view_path": "/home/runner/work/sample_website/sample_website/.cache/gsv_estrella_fast/best_views/rapid/Eq4_b-BKN6TcjB_gzfFkKw.jpg", "error": ""}
{"pano_id": "9IwcMYpOpB59jfGRh5zQ1w", "lat": 19.47630247388972, "lon": -99.11969689078006, "date": "", "source": "", "parent_id": "", "is_historical": false, "best_score": 1444.277975589424, "good_matches": 154, "inliers": 118, "inlier_ratio": 0.7662337662337663, "coverage": 0.42874637246131897, "yaw": 315, "pitch": -4, "target_crop": "left_houses", "pano_path": "/home/runner/work/sample_website/sample_website/.cache/gsv_estrella_fast/panoramas/rapid/z1_9IwcMYpOpB59jfGRh5zQ1w.jpg", "view_path": "/home/runner/work/sample_website/sample_website/.cache/gsv_estrella_fast/best_views/rapid/9IwcMYpOpB59jfGRh5zQ1w.jpg", "error": ""}
{"pano_id": "0GHypDurF1D7kuAUS3bUMA", "lat": 19.4729036234627, "lon": -99.12173469939022, "date": "", "source": "", "parent_id": "", "is_historical": false, "best_score": 1266.799107142857, "good_matches": 112, "inliers": 103, "inlier_ratio": 0.9196428571428571, "coverage": 0.6086968779563904, "yaw": 315, "pitch": -4, "target_crop": "left_houses", "pano_path": "/home/runner/work/sample_website/sample_website/.cache/gsv_estrella_fast/panoramas/rapid/z1_0GHypDurF1D7kuAUS3bUMA.jpg", "view_path": "/home/runner/work/sample_website/sample_website/.cache/gsv_estrella_fast/best_views/rapid/0GHypDurF1D7kuAUS3bUMA.jpg", "error": ""}
{"pano_id": "SK7p-9u_n_rd9dHwrljs5g", "lat": 19.47030157218027, "lon": -99.11815098713727, "date": "", "source": "", "parent_id": "", "is_historical": false, "best_score": 1265.8696808510638, "good_matches": 188, "inliers": 103, "inlier_ratio": 0.5478723404255319, "coverage": 0.8218561410903931, "yaw": 180, "pitch": -4, "target_crop": "left_houses", "pano_path": "/home/runner/work/sample_website/sample_website/.cache/gsv_estrella_fast/panoramas/rapid/z1_SK7p-9u_n_rd9dHwrljs5g.jpg", "view_path": "/home/runner/work/sample_website/sample_website/.cache/gsv_estrella_fast/best_views/rapid/SK7p-9u_n_rd9dHwrljs5g.jpg", "error": ""}
{"pano_id": "iUgEEmlGmtoCRxzBtMMcfA", "lat": 19.47600308863686, "lon": -99.12408199649363, "date": "", "source": "", "parent_id": "", "is_historical": false, "best_score": 1206.7272727272727, "good_matches": 110, "inliers": 98, "inlier_ratio": 0.8909090909090909, "coverage": 0.5502743721008301, "yaw": 90, "pitch": -4, "target_crop": "upper_full", "pano_path": "/home/runner/work/sample_website/sample_website/.cache/gsv_estrella_fast/panoramas/rapid/z1_iUgEEmlGmtoCRxzBtMMcfA.jpg", "view_path": "/home/runner/work/sample_website/sample_website/.cache/gsv_estrella_fast/best_views/rapid/iUgEEmlGmtoCRxzBtMMcfA.jpg", "error": ""}
{"pano_id": "RnfcgOniYbXjpCtxE3ff5g", "lat": 19.46987985125584, "lon": -99.11732777252328, "date": "", "source": "", "parent_id": "", "is_historical": false, "best_score": 1194.7247706422017, "good_matches": 109, "inliers": 97, "inlier_ratio": 0.8899082568807339, "coverage": 0.6465557217597961, "yaw": 135, "pitch": -4, "target_crop": "left_houses", "pano_path": "/home/runner/work/sample_website/sample_website/.cache/gsv_estrella_fast/panoramas/rapid/z1_RnfcgOniYbXjpCtxE3ff5g.jpg", "view_path": "/home/runner/work/sample_website/sample_website/.cache/gsv_estrella_fast/best_views/rapid/RnfcgOniYbXjpCtxE3ff5g.jpg", "error": ""}
{"pano_id": "n-mAzSgdxcwqJvHGuI9DPQ", "lat": 19.47821606119374, "lon": -99.12289001821331, "date": "", "source": "", "parent_id": "", "is_historical": false, "best_score": 1134.324812186214, "good_matches": 106, "inliers": 92, "inlier_ratio": 0.8679245283018868, "coverage": 0.48850002884864807, "yaw": 0, "pitch": -4, "target_crop": "left_houses", "pano_path": "/home/runner/work/sample_website/sample_website/.cache/gsv_estrella_fast/panoramas/rapid/z1_n-mAzSgdxcwqJvHGuI9DPQ.jpg", "view_path": "/home/runner/work/sample_website/sample_website/.cache/gsv_estrella_fast/best_views/rapid/n-mAzSgdxcwqJvHGuI9DPQ.jpg", "error": ""}
{"pano_id": "6JLU4y_lapOqGN3Dxq9ALQ", "lat": 19.47180914733575, "lon": -99.11533625468721, "date": "", "source": "", "parent_id": "", "is_historical": false, "best_score": 1123.941469669643, "good_matches": 99, "inliers": 92, "inlier_ratio": 0.9292929292929293, "coverage": 0.1372745782136917, "yaw": 225, "pitch": -4, "target_crop": "left_houses", "pano_path": "/home/runner/work/sample_website/sample_website/.cache/gsv_estrella_fast/panoramas/rapid/z1_6JLU4y_lapOqGN3Dxq9ALQ.jpg", "view_path": "/home/runner/work/sample_website/sample_website/.cache/gsv_estrella_fast/best_views/rapid/6JLU4y_lapOqGN3Dxq9ALQ.jpg", "error": ""}
{"pano_id": "TwZsgCznJU4f99-uer-AXg", "lat": 19.47406577979621, "lon": -99.1166604945441, "date": "", "source": "", "parent_id": "", "is_historical": false, "best_score": 1110.527027027027, "good_matches": 111, "inliers": 90, "inlier_ratio": 0.8108108108108109, "coverage": 0.7075636386871338, "yaw": 135, "pitch": -4, "target_crop": "left_houses", "pano_path": "/home/runner/work/sample_website/sample_website/.cache/gsv_estrella_fast/panoramas/rapid/z1_TwZsgCznJU4f99-uer-AXg.jpg", "view_path": "/home/runner/work/sample_website/sample_website/.cache/gsv_estrella_fast/best_views/rapid/TwZsgCznJU4f99-uer-AXg.jpg", "error": ""}
{"pano_id": "C0pVvK1LOF-14vqJCIXbQg", "lat": 19.47556193720532, "lon": -99.11379246154482, "date": "", "source": "", "parent_id": "", "is_historical": false, "best_score": 1110.527027027027, "good_matches": 111, "inliers": 90, "inlier_ratio": 0.8108108108108109, "coverage": 0.7251492738723755, "yaw": 0, "pitch": -4, "target_crop": "left_houses", "pano_path": "/home/runner/work/sample_website/sample_website/.cache/gsv_estrella_fast/panoramas/rapid/z1_C0pVvK1LOF-14vqJCIXbQg.jpg", "view_path": "/home/runner/work/sample_website/sample_website/.cache/gsv_estrella_fast/best_views/rapid/C0pVvK1LOF-14vqJCIXbQg.jpg", "error": ""}
{"pano_id": "NuSqkxODx7ESeWTWoSHbRg", "lat": 19.47101036713723, "lon": -99.11488139526851, "date": "", "source": "", "parent_id": "", "is_historical": false, "best_score": 1098.7474747474748, "good_matches": 99, "inliers": 89, "inlier_ratio": 0.898989898989899, "coverage": 0.6928035020828247, "yaw": 225, "pitch": -4, "target_crop": "left_houses", "pano_path": "/home/runner/work/sample_website/sample_website/.cache/gsv_estrella_fast/panoramas/rapid/z1_NuSqkxODx7ESeWTWoSHbRg.jpg", "view_path": "/home/runner/work/sample_website/sample_website/.cache/gsv_estrella_fast/best_views/rapid/NuSqkxODx7ESeWTWoSHbRg.jpg", "error": ""}
{"pano_id": "eudYskX3Jtrb2O-v-kmBuw", "lat": 19.4747955535991, "lon": -99.11936374774598, "date": "", "source": "", "parent_id": "", "is_historical": false, "best_score": 1086.5, "good_matches": 110, "inliers": 88, "inlier_ratio": 0.8, "coverage": 0.6981296539306641, "yaw": 0, "pitch": -4, "target_crop": "left_houses", "pano_path": "/home/runner/work/sample_website/sample_website/.cache/gsv_estrella_fast/panoramas/rapid/z1_eudYskX3Jtrb2O-v-kmBuw.jpg", "view_path": "/home/runner/work/sample_website/sample_website/.cache/gsv_estrella_fast/best_views/rapid/eudYskX3Jtrb2O-v-kmBuw.jpg", "error": ""}
{"pano_id": "2di2OqcLkxlD_2iX6v7V7g", "lat": 19.47460582546249, "lon": -99.12107059281604, "date": "", "source": "", "parent_id": "", "is_historical": false, "best_score": 1074.0647482014388, "good_matches": 139, "inliers": 87, "inlier_ratio": 0.6258992805755396, "coverage": 0.757582426071167, "yaw": 270, "pitch": -4, "target_crop": "left_houses", "pano_path": "/home/runner/work/sample_website/sample_website/.cache/gsv_estrella_fast/panoramas/rapid/z1_2di2OqcLkxlD_2iX6v7V7g.jpg", "view_path": "/home/runner/work/sample_website/sample_website/.cache/gsv_estrella_fast/best_views/rapid/2di2OqcLkxlD_2iX6v7V7g.jpg", "error": ""}
{"pano_id": "HYxrYF6bmH8UKxsRhFr1iA", "lat": 19.47238488683033, "lon": -99.12350795685118, "date": "", "source": "", "parent_id": "", "is_historical": false, "best_score": 1069.8081341385841, "good_matches": 116, "inliers": 87, "inlier_ratio": 0.75, "coverage": 0.34777113795280457, "yaw": 225, "pitch": -4, "target_crop": "left_houses", "pano_path": "/home/runner/work/sample_website/sample_website/.cache/gsv_estrella_fast/panoramas/rapid/z1_HYxrYF6bmH8UKxsRhFr1iA.jpg", "view_path": "/home/runner/work/sample_website/sample_website/.cache/gsv_estrella_fast/best_views/rapid/HYxrYF6bmH8UKxsRhFr1iA.jpg", "error": ""}
{"pano_id": "NIcv9vNaAi-Tpo48HIj9SQ", "lat": 19.47084567547757, "lon": -99.11903145035146, "date": "", "source": "", "parent_id": "", "is_historical": false, "best_score": 1062.65, "good_matches": 100, "inliers": 86, "inlier_ratio": 0.86, "coverage": 0.6140356659889221, "yaw": 90, "pitch": -4, "target_crop": "left_houses", "pano_path": "/home/runner/work/sample_website/sample_website/.cache/gsv_estrella_fast/panoramas/rapid/z1_NIcv9vNaAi-Tpo48HIj9SQ.jpg", "view_path": "/home/runner/work/sample_website/sample_website/.cache/gsv_estrella_fast/best_views/rapid/NIcv9vNaAi-Tpo48HIj9SQ.jpg", "error": ""}
{"pano_id": "WdhvWrtiaNTMGSXcf1uLlA", "lat": 19.47146404259573, "lon": -99.11454320711344, "date": "", "source": "", "parent_id": "", "is_historical": false, "best_score": 1035.741454847481, "good_matches": 92, "inliers": 84, "inlier_ratio": 0.9130434782608695, "coverage": 0.39862820506095886, "yaw": 315, "pitch": -4, "target_crop": "left_houses", "pano_path": "/home/runner/work/sample_website/sample_website/.cache/gsv_estrella_fast/panoramas/rapid/z1_WdhvWrtiaNTMGSXcf1uLlA.jpg", "view_path": "/home/runner/work/sample_website/sample_website/.cache/gsv_estrella_fast/best_views/rapid/WdhvWrtiaNTMGSXcf1uLlA.jpg", "error": ""}
{"pano_id": "jPc7V1x7NtIo0OL653sDgA", "lat": 19.47195028019058, "lon": -99.11872363748446, "date": "", "source": "", "parent_id": "", "is_historical": false, "best_score": 1026.304347826087, "good_matches": 115, "inliers": 83, "inlier_ratio": 0.7217391304347827, "coverage": 0.7771819233894348, "yaw": 315, "pitch": -4, "target_crop": "left_houses", "pano_path": "/home/runner/work/sample_website/sample_website/.cache/gsv_estrella_fast/panoramas/rapid/z1_jPc7V1x7NtIo0OL653sDgA.jpg", "view_path": "/home/runner/work/sample_website/sample_website/.cache/gsv_estrella_fast/best_views/rapid/jPc7V1x7NtIo0OL653sDgA.jpg", "error": ""}
{"pano_id": "q0C6Md6KEf9U_QxfpUMVaQ", "lat": 19.46964176652033, "lon": -99.11680595458975, "date": "", "source": "", "parent_id": "", "is_historical": false, "best_score": 1002.3007558830005, "good_matches": 97, "inliers": 81, "inlier_ratio": 0.8350515463917526, "coverage": 0.4904375672340393, "yaw": 225, "pitch": -4, "target_crop": "upper_full", "pano_path": "/home/runner/work/sample_website/sample_website/.cache/gsv_estrella_fast/panoramas/rapid/z1_q0C6Md6KEf9U_QxfpUMVaQ.jpg", "view_path": "/home/runner/work/sample_website/sample_website/.cache/gsv_estrella_fast/best_views/rapid/q0C6Md6KEf9U_QxfpUMVaQ.jpg", "error": ""}
{"pano_id": "nX4kRTDyiNiq6TQ5gUBI_A", "lat": 19.47223865053207, "lon": -99.12298246808118, "date": "", "source": "", "parent_id": "", "is_historical": false, "best_score": 999.2559375140519, "good_matches": 113, "inliers": 81, "inlier_ratio": 0.7168141592920354, "coverage": 0.3987967371940613, "yaw": 270, "pitch": -4, "target_crop": "left_houses", "pano_path": "/home/runner/work/sample_website/sample_website/.cache/gsv_estrella_fast/panoramas/rapid/z1_nX4kRTDyiNiq6TQ5gUBI_A.jpg", "view_path": "/home/runner/work/sample_website/sample_website/.cache/gsv_estrella_fast/best_views/rapid/nX4kRTDyiNiq6TQ5gUBI_A.jpg", "error": ""}
{"pano_id": "PrQRve_aCdmY92BEHJyyqA", "lat": 19.47895842309259, "lon": -99.11938232132002, "date": "", "source": "", "parent_id": "", "is_historical": false, "best_score": 976.502440419462, "good_matches": 90, "inliers": 79, "inlier_ratio": 0.8777777777777778, "coverage": 0.4269331991672516, "yaw": 270, "pitch": -4, "target_crop": "left_houses", "pano_path": "/home/runner/work/sample_website/sample_website/.cache/gsv_estrella_fast/panoramas/rapid/z1_PrQRve_aCdmY92BEHJyyqA.jpg", "view_path": "/home/runner/work/sample_website/sample_website/.cache/gsv_estrella_fast/best_views/rapid/PrQRve_aCdmY92BEHJyyqA.jpg", "error": ""}
{"pano_id": "TZCn04McsW025V0C8BarCA", "lat": 19.47059713588475, "lon": -99.11517728997434, "date": "", "source": "", "parent_id": "", "is_historical": false, "best_score": 954.6388888888889, "good_matches": 90, "inliers": 77, "inlier_ratio": 0.8555555555555555, "coverage": 0.5004648566246033, "yaw": 0, "pitch": -4, "target_crop": "upper_full", "pano_path": "/home/runner/work/sample_website/sample_website/.cache/gsv_estrella_fast/panoramas/rapid/z1_TZCn04McsW025V0C8BarCA.jpg", "view_path": "/home/runner/work/sample_website/sample_website/.cache/gsv_estrella_fast/best_views/rapid/TZCn04McsW025V0C8BarCA.jpg", "error": ""}
{"pano_id": "W5niqA9APFfJQYLVlddPbw", "lat": 19.47301920091797, "lon": -99.12267886142779, "date": "", "source": "", "parent_id": "", "is_historical": false, "best_score": 954.5263157894736, "good_matches": 95, "inliers": 77, "inlier_ratio": 0.8105263157894737, "coverage": 0.5370785593986511, "yaw": 270, "pitch": -4, "target_crop": "upper_full", "pano_path": "/home/runner/work/sample_website/sample_website/.cache/gsv_estrella_fast/panoramas/rapid/z1_W5niqA9APFfJQYLVlddPbw.jpg", "view_path": "/home/runner/work/sample_website/sample_website/.cache/gsv_estrella_fast/best_views/rapid/W5niqA9APFfJQYLVlddPbw.jpg", "error": ""}
{"pano_id": "RujFr6Y7aOMXe5nRmJPJCg", "lat": 19.47406192140673, "lon": -99.11764807468809, "date": "", "source": "", "parent_id": "", "is_historical": false, "best_score": 953.8916666666667, "good_matches": 84, "inliers": 77, "inlier_ratio": 0.9166666666666666, "coverage": 0.6162316799163818, "yaw": 270, "pitch": -4, "target_crop": "upper_full", "pano_path": "/home/runner/work/sample_website/sample_website/.cache/gsv_estrella_fast/panoramas/rapid/z1_RujFr6Y7aOMXe5nRmJPJCg.jpg", "view_path": "/home/runner/work/sample_website/sample_website/.cache/gsv_estrella_fast/best_views/rapid/RujFr6Y7aOMXe5nRmJPJCg.jpg", "error": ""}
{"pano_id": "0vrCv5Is_ENLl2EOqa3E7A", "lat": 19.47193664694577, "lon": -99.11909907478538, "date": "", "source": "", "parent_id": "", "is_historical": false, "best_score": 930.4132653061224, "good_matches": 98, "inliers": 75, "inlier_ratio": 0.7653061224489796, "coverage": 0.5175313949584961, "yaw": 135, "pitch": -4, "target_crop": "left_houses", "pano_path": "/home/runner/work/sample_website/sample_website/.cache/gsv_estrella_fast/panoramas/rapid/z1_0vrCv5Is_ENLl2EOqa3E7A.jpg", "view_path": "/home/runner/work/sample_website/sample_website/.cache/gsv_estrella_fast/best_views/rapid/0vrCv5Is_ENLl2EOqa3E7A.jpg", "error": ""}
{"pano_id": "hhjKiW7IZ76RjF_9dqb0Jg", "lat": 19.4787537091239, "lon": -99.11803363780167, "date": "", "source": "", "parent_id": "", "is_historical": false, "best_score": 929.7089689198663, "good_matches": 85, "inliers": 75, "inlier_ratio": 0.8823529411764706, "coverage": 0.49176955223083496, "yaw": 90, "pitch": -4, "target_crop": "upper_full", "pano_path": "/home/runner/work/sample_website/sample_website/.cache/gsv_estrella_fast/panoramas/rapid/z1_hhjKiW7IZ76RjF_9dqb0Jg.jpg", "view_path": "/home/runner/work/sample_website/sample_website/.cache/gsv_estrella_fast/best_views/rapid/hhjKiW7IZ76RjF_9dqb0Jg.jpg", "error": ""}
{"pano_id": "nf0YDNgTtil-40-dxrZV1A", "lat": 19.47177826686071, "lon": -99.12198680129765, "date": "", "source": "", "parent_id": "", "is_historical": false, "best_score": 906.3814432989691, "good_matches": 97, "inliers": 73, "inlier_ratio": 0.7525773195876289, "coverage": 0.5865039825439453, "yaw": 90, "pitch": -4, "target_crop": "left_houses", "pano_path": "/home/runner/work/sample_website/sample_website/.cache/gsv_estrella_fast/panoramas/rapid/z1_nf0YDNgTtil-40-dxrZV1A.jpg", "view_path": "/home/runner/work/sample_website/sample_website/.cache/gsv_estrella_fast/best_views/rapid/nf0YDNgTtil-40-dxrZV1A.jpg", "error": ""}
{"pano_id": "yREII4wx8j2y1ofOi73srw", "lat": 19.47407548598625, "lon": -99.11292969957957, "date": "", "source": "", "parent_id": "", "is_historical": false, "best_score": 906.1477011494252, "good_matches": 87, "inliers": 73, "inlier_ratio": 0.8390804597701149, "coverage": 0.6937403082847595, "yaw": 225, "pitch": -4, "target_crop": "left_houses", "pano_path": "/home/runner/work/sample_website/sample_website/.cache/gsv_estrella_fast/panoramas/rapid/z1_yREII4wx8j2y1ofOi73srw.jpg", "view_path": "/home/runner/work/sample_website/sample_website/.cache/gsv_estrella_fast/best_views/rapid/yREII4wx8j2y1ofOi73srw.jpg", "error": ""}
{"pano_id": "rnq8a75k75THzuIBEeY51A", "lat": 19.47639171273035, "lon": -99.11340810078151, "date": "", "source": "", "parent_id": "", "is_historical": false, "best_score": 894.2647058823529, "good_matches": 102, "inliers": 72, "inlier_ratio": 0.7058823529411765, "coverage": 0.5756966471672058, "yaw": 135, "pitch": -4, "target_crop": "left_houses", "pano_path": "/home/runner/work/sample_website/sample_website/.cache/gsv_estrella_fast/panoramas/rapid/z1_rnq8a75k75THzuIBEeY51A.jpg", "view_path": "/home/runner/work/sample_website/sample_website/.cache/gsv_estrella_fast/best_views/rapid/rnq8a75k75THzuIBEeY51A.jpg", "error": ""}
